node : 
node:internal/modules/cjs/loader:1368
At line:1 char:1
+ node src/index.js > error_log.txt 2>&1
+ ~~~~~~~~~~~~~~~~~~~~~~~~~~~~~~~~~~~~~~
    + CategoryInfo          : NotSpecified 
   : (node:internal/modules/cjs/loader:13  
  68:String) [], RemoteException
    + FullyQualifiedErrorId : NativeComman 
   dError
 
  throw err;
  ^

Error: Cannot find module 'mongoose'
Require stack:
- C:\Users\HP\Downloads\Projects\BUILD-atho
n\backend\src\models.js
- C:\Users\HP\Downloads\Projects\BUILD-atho
n\backend\src\routes\users.js
- C:\Users\HP\Downloads\Projects\BUILD-atho
n\backend\src\index.js
    at Function._resolveFilename 
(node:internal/modules/cjs/loader:1365:15)
    at defaultResolveImpl 
(node:internal/modules/cjs/loader:1021:19)
    at resolveForCJSWithHooks 
(node:internal/modules/cjs/loader:1026:22)
    at Function._load 
(node:internal/modules/cjs/loader:1175:37)
    at TracingChannel.traceSync 
(node:diagnostics_channel:322:14)
    at wrapModuleLoad 
(node:internal/modules/cjs/loader:235:24)
    at Module.require 
(node:internal/modules/cjs/loader:1445:12)
    at require 
(node:internal/modules/helpers:135:16)
    at Object.<anonymous> (C:\Users\HP\Down
loads\Projects\BUILD-athon\backend\src\mode
ls.js:1:18)
    at Module._compile 
(node:internal/modules/cjs/loader:1688:14) 
{
  code: 'MODULE_NOT_FOUND',
  requireStack: [
    'C:\\Users\\HP\\Downloads\\Projects\\BU
ILD-athon\\backend\\src\\models.js',
    'C:\\Users\\HP\\Downloads\\Projects\\BU
ILD-athon\\backend\\src\\routes\\users.js',
    'C:\\Users\\HP\\Downloads\\Projects\\BU
ILD-athon\\backend\\src\\index.js'
  ]
}

Node.js v22.18.0
